// Jest Snapshot v1, https://goo.gl/fbAQLP

exports[`OfferCardsList correctly renders after relaunch 1`] = `
<div
  className="cities__places-list places__list tabs__content"
/>
`;
